<Level>
    <EditorSession>
        <Performance CamClipPlanes="0.05 1000" LightsActive="true" PSActive="true" ShowFog="true" ShowSkybox="true" WorldReflection="true" />
        <ViewportConfig BGColor="0.2 0.2 0.2 1" GAmbientLight="true" GPointLight="true" GridSnap="false" GridSnapSeparation="0.25" SelectedViewport="3" UsingEnlargedViewport="true">
            <Viewport CameraPosition="0 0 180" CameraTarget="0 0 0" CameraZoom="0" GridHeight="0" GridPlane="2" Preset="0" RenderMode="1" ShowAxes="true" ShowGrid="true" UsingLTCam="true" />
            <Viewport CameraPosition="180 0 0" CameraTarget="0 0 0" CameraZoom="0" GridHeight="0" GridPlane="0" Preset="1" RenderMode="1" ShowAxes="true" ShowGrid="true" UsingLTCam="true" />
            <Viewport CameraPosition="0 180 0" CameraTarget="0 0 0" CameraZoom="0" GridHeight="0" GridPlane="1" Preset="2" RenderMode="1" ShowAxes="true" ShowGrid="true" UsingLTCam="true" />
            <Viewport CameraPosition="1.97468 1.57622 -1.96629" CameraTarget="3.42936 1 -1.82208" CameraZoom="3.46013" GridHeight="1" GridPlane="1" Preset="3" RenderMode="0" ShowAxes="true" ShowGrid="true" UsingLTCam="true" />
        </ViewportConfig>
        <Groups>
            <Group ID="0" Name="None" Visible="true" />
        </Groups>
    </EditorSession>
    <MapData FogActive="false" FogColor="1 1 1 1" FogCulling="true" FogEnd="20" FogFalloffExp="1" FogStart="0" GlobalDecalMaxTris="300" Name="" SkyBoxActive="false" SkyBoxColor="1 1 1 1" SkyBoxTexture="../../../">
        <MapContents>
            <FileIndex_StaticObjects NumOfFiles="0" />
            <FileIndex_Entities NumOfFiles="2">
                <File Id="0" Path="entities/furniture/table_metal/table_metal.ent" />
                <File Id="1" Path="custom_stories/avidity/entities/items/item_arabic_carafe.ent" />
            </FileIndex_Entities>
            <FileIndex_Decals NumOfFiles="0" />
            <StaticObjects />
            <Primitives>
                <Plane Active="true" AlignToWorldCoords="false" CastShadows="false" Collides="true" Corner1UV="0 8.5" Corner2UV="0 0" Corner3UV="9.25 0" Corner4UV="9.25 8.5" EndCorner="9.25 0 8.5" Group="0" ID="1" Material="C:/dev/amnesia/static_objects/castlebase/castlebase_tiledfloor.mat" Name="Plane" Rotation="0 0 0" Scale="1 1 1" StartCorner="0 0 0" Tag="" TextureAngle="0" TileAmount="1 1 1" TileOffset="0 0 0" WorldPos="-4.5 0 -4" />
            </Primitives>
            <Decals />
            <Entities>
                <Area Active="true" AreaType="PlayerStart" Group="0" ID="0" Mesh="" Name="PlayerStartArea_1" Rotation="0 -0 0" Scale="1 1 1" Tag="" WorldPos="0 0 0">
                    <UserVariables />
                </Area>
                <BoxLight Active="true" BlendFunc="0" CastShadows="false" DiffuseColor="0.49 0.49 0.49 1" FalloffMap="" FlickerActive="false" FlickerFade="false" FlickerOffColor="0 0 0 1" FlickerOffFadeMaxLength="0" FlickerOffFadeMinLength="0" FlickerOffMaxLength="0" FlickerOffMinLength="0" FlickerOffPS="" FlickerOffRadius="0" FlickerOffSound="" FlickerOnFadeMaxLength="0" FlickerOnFadeMinLength="0" FlickerOnMaxLength="0" FlickerOnMinLength="0" FlickerOnPS="" FlickerOnSound="" Gobo="" GoboAnimFrameTime="0" GoboAnimMode="None" Group="0" ID="2" Name="BoxLight_1" Radius="1" Rotation="0 0 0" Scale="13 7 11.25" ShadowResolution="High" ShadowsAffectDynamic="true" ShadowsAffectStatic="true" Size="13 7 11.25" Tag="" WorldPos="0.25 3 0.25" />
                <Entity Active="true" FileIndex="0" Group="0" ID="3" Name="table_metal_1" Rotation="0 0 0" Scale="1 1 1" Tag="" WorldPos="3.25 0 0.25">
                    <UserVariables>
                        <Var Name="CastShadows" Value="true" />
                        <Var Name="IsAffectedByDecal" Value="true" />
                    </UserVariables>
                </Entity>
                <Entity Active="true" FileIndex="0" Group="0" ID="4" Name="table_metal_2" Rotation="0 0 0" Scale="1 1 1" Tag="" WorldPos="3.25 0 2.5">
                    <UserVariables>
                        <Var Name="CastShadows" Value="true" />
                        <Var Name="IsAffectedByDecal" Value="true" />
                    </UserVariables>
                </Entity>
                <Entity Active="true" FileIndex="0" Group="0" ID="5" Name="table_metal_3" Rotation="0 0 0" Scale="1 1 1" Tag="" WorldPos="3.25 0 -2">
                    <UserVariables>
                        <Var Name="CastShadows" Value="true" />
                        <Var Name="IsAffectedByDecal" Value="true" />
                    </UserVariables>
                </Entity>
                <Entity Active="true" FileIndex="1" Group="0" ID="6" Name="arabic_carafe_1" Rotation="2.17129 -0.255531 1.8338" Scale="1 1 1" Tag="" WorldPos="3.20707 1.1567 -1.97123">
                    <UserVariables>
                        <Var Name="CastShadows" Value="true" />
                        <Var Name="StaticPhysics" Value="true" />
                        <Var Name="IsAffectedByDecal" Value="false" />
                        <Var Name="CallbackFunc" Value="" />
                        <Var Name="ConnectedProps" Value="" />
                        <Var Name="ConnectionStateChangeCallback" Value="" />
                        <Var Name="FullGameSave" Value="false" />
                        <Var Name="PlayerLookAtCallback" Value="" />
                        <Var Name="PlayerLookAtCallbackAutoRemove" Value="false" />
                        <Var Name="PlayerInteractCallback" Value="" />
                        <Var Name="PlayerInteractCallbackAutoRemove" Value="false" />
                        <Var Name="CustomSubItemTypeName" Value="" />
                    </UserVariables>
                </Entity>
                <Area Active="true" AreaType="Script" Group="0" ID="7" Mesh="" Name="WagonItemArea" Rotation="0 -0 0" Scale="1.23511 1.03498 2.24343" Tag="" WorldPos="3.26678 1.51749 0.253871">
                    <UserVariables>
                        <Var Name="PlayerLookAtCallback" Value="" />
                        <Var Name="PlayerLookAtCallbackAutoRemove" Value="true" />
                        <Var Name="PlayerInteractCallback" Value="" />
                        <Var Name="PlayerInteractCallbackAutoRemove" Value="false" />
                        <Var Name="ItemInteraction" Value="false" />
                        <Var Name="MaxFocusDistance" Value="-1" />
                    </UserVariables>
                </Area>
            </Entities>
            <Misc />
            <StaticObjectCombos />
        </MapContents>
    </MapData>
</Level>
